// Jest Snapshot v1, https://goo.gl/fbAQLP

exports[`<ListHeader /> renders correctly 1`] = `ShallowWrapper {}`;
