// Jest Snapshot v1, https://goo.gl/fbAQLP

exports[`<ListItem /> renders correctly 1`] = `ShallowWrapper {}`;
