// Jest Snapshot v1, https://goo.gl/fbAQLP

exports[`<Switch /> renders correctly 1`] = `ShallowWrapper {}`;
