// Jest Snapshot v1, https://goo.gl/fbAQLP

exports[`<FavButton /> renders correctly 1`] = `ShallowWrapper {}`;
