// Jest Snapshot v1, https://goo.gl/fbAQLP

exports[`<Jokes /> renders correctly 1`] = `ShallowWrapper {}`;
